// Jest Snapshot v1, https://goo.gl/fbAQLP

exports[`Transpile module: template import 1`] = `""`;

exports[`Transpile module: template include 1`] = `
Object {
  "attrsList": Array [
    Object {
      "name": "src",
      "value": "./__files__/template.axml",
    },
  ],
  "attrsMap": Object {
    "src": "./__files__/template.axml",
  },
  "children": Array [
    Object {
      "attrsList": Array [],
      "attrsMap": Object {},
      "children": Array [],
      "parent": [Circular],
      "plain": true,
      "tag": "view",
      "type": 1,
    },
  ],
  "tag": "template",
}
`;

exports[`Transpile module: template include 2`] = `""`;

exports[`Transpile module: template template register 1`] = `""`;

exports[`Transpile module: template template usage 1`] = `
Object {
  "attrs": Array [
    Object {
      "name": "data",
      "scope": "this.data",
      "value": "{}",
    },
  ],
  "attrsList": Array [
    Object {
      "name": "is",
      "value": "foo",
    },
  ],
  "attrsMap": Object {
    "is": "foo",
  },
  "component": null,
  "tag": "$template",
}
`;

exports[`Transpile module: template template usage 2`] = `"is: _w('foo'), pageInstance: this,"`;
