// Jest Snapshot v1, https://goo.gl/fbAQLP

exports[`codegen events bind prop 1`] = `"_c(__components_ref__['view']||'view',[_c(__components_ref__['view']||'view',{onClick:this.handleClick}),_c(__components_ref__['view']||'view',{onClick:this.handleClick})])"`;

exports[`codegen generate named slot 1`] = `"_c(__components_ref__['view']||'view',[_t(this,\\"one\\")])"`;

exports[`codegen generate ref 1`] = `"_c(__components_ref__['view']||'view',{ref:\\"ref\\"})"`;

exports[`codegen generate scoped slot 1`] = `"_c(__components_ref__['foo']||'foo',{scopedSlots:_u([{key:\\"default\\",fn:function(bar){return [_v(_s(bar))]}}])})"`;

exports[`codegen generate scoped slot 2`] = `"_c(__components_ref__['foo']||'foo',{scopedSlots:_u([{key:\\"default\\",fn:function(bar){return _c(__components_ref__['view']||'view',{},[_v(_s(bar))])}}])})"`;

exports[`codegen generate single slot 1`] = `"_c(__components_ref__['view']||'view',[_t(this,\\"default\\")])"`;

exports[`codegen generate slot fallback content 1`] = `"_c(__components_ref__['view']||'view',[_t(this,\\"default\\",[_c(__components_ref__['view']||'view',[_v(\\"hi\\")])])])"`;

exports[`codegen generate slot target 1`] = `"_c(__components_ref__['view']||'view',{slot:\\"one\\"},[_v(\\"hello world\\")])"`;

exports[`codegen generate template 1`] = `"_c(__components_ref__['view']||'view')"`;

exports[`codegen generate template tag 1`] = `"_c(__components_ref__['view']||'view',[[_c(__components_ref__['text']||'text',[_v(_s(hello))])]])"`;

exports[`codegen v-bind 1`] = `"_c(__components_ref__['view']||'view',{foo:\\"bar\\",foo:this.bar},[_c(__components_ref__['text']||'text',[_v(\\"hello world\\")])])"`;

exports[`codegen v-for 1`] = `"_l.call(this,(foo),function(item,index){return _c(__components_ref__['view']||'view')})"`;

exports[`codegen v-if 1`] = `"(foo)?_c(__components_ref__['view']||'view'):_e()"`;

exports[`codegen v-if 2`] = `"_c(__components_ref__['view']||'view',[(show)?_c(__components_ref__['view']||'view',[_v(\\"hello\\")]):_c(__components_ref__['view']||'view',[_v(\\"world\\")])])"`;

exports[`codegen v-key 1`] = `"_c(__components_ref__['view']||'view',{key:bar})"`;
